{"word[0]":"golden","definition[0]":"having a bright yellow colour like gold","example[0]":"golden hair","example[1]":"golden sand","definition[1]":"a golden period of time is one of great happiness or success","example[2]":"the golden age of radio","example[3]":"the golden years of childhood","note[0]":"golden years/days etc","definition[2]":"made of gold","example[4]":"a golden crown"}